
> geomarketing-platform@0.1.0 build
> next build

  ▲ Next.js 14.2.35

   Creating an optimized production build ...
Failed to compile.

./src/app/api/import/upload/route.ts
Module not found: Can't resolve 'zod'

https://nextjs.org/docs/messages/module-not-found

./src/lib/validators/importSchema.ts
Module not found: Can't resolve 'zod'

https://nextjs.org/docs/messages/module-not-found

Import trace for requested module:
./src/app/api/import/upload/route.ts

./src/services/reportGenerator.ts
Module not found: Can't resolve 'jspdf'

https://nextjs.org/docs/messages/module-not-found

Import trace for requested module:
./src/app/api/reports/generate/route.ts

./src/services/reportGenerator.ts
Module not found: Can't resolve 'jspdf-autotable'

https://nextjs.org/docs/messages/module-not-found

Import trace for requested module:
./src/app/api/reports/generate/route.ts


> Build failed because of webpack errors
